
> Kandy_Travel_Guider@1.5.2 start
> react-scripts start

(node:24132) [DEP_WEBPACK_DEV_SERVER_ON_AFTER_SETUP_MIDDLEWARE] DeprecationWarning: 'onAfterSetupMiddleware' option is deprecated. Please use the 'setupMiddlewares' option.
(Use `node --trace-deprecation ...` to show where the warning was created)
(node:24132) [DEP_WEBPACK_DEV_SERVER_ON_BEFORE_SETUP_MIDDLEWARE] DeprecationWarning: 'onBeforeSetupMiddleware' option is deprecated. Please use the 'setupMiddlewares' option.
Starting the development server...

Compiled with warnings.

[eslint] 
src\views\Index.js
  Line 8:8:   'Slideshow' is defined but never used  no-unused-vars
  Line 12:8:  'Map' is defined but never used        no-unused-vars

src\views\User\ProfilePage.js
  Line 43:6:  React Hook useEffect has a missing dependency: 'fetchArticleData'. Either include it or remove the dependency array  react-hooks/exhaustive-deps

src\views\home\DetailPage.js
  Line 12:21:  'setAnimating' is assigned a value but never used                                                                no-unused-vars
  Line 27:6:   React Hook useEffect has a missing dependency: 'fetchArticle'. Either include it or remove the dependency array  react-hooks/exhaustive-deps

src\views\home\Places.js
  Line 6:8:  'w1' is defined but never used  no-unused-vars

Search for the keywords to learn more about each warning.
To ignore, add // eslint-disable-next-line to the line before.

[1m[33mWARNING[39m[22m in [1m[eslint] 
src\views\Index.js
  Line 8:8:   'Slideshow' is defined but never used  no-unused-vars
  Line 12:8:  'Map' is defined but never used        no-unused-vars

src\views\User\ProfilePage.js
  Line 43:6:  React Hook useEffect has a missing dependency: 'fetchArticleData'. Either include it or remove the dependency array  react-hooks/exhaustive-deps

src\views\home\DetailPage.js
  Line 12:21:  'setAnimating' is assigned a value but never used                                                                no-unused-vars
  Line 27:6:   React Hook useEffect has a missing dependency: 'fetchArticle'. Either include it or remove the dependency array  react-hooks/exhaustive-deps

src\views\home\Places.js
  Line 6:8:  'w1' is defined but never used  no-unused-vars

[39m[22m

webpack compiled with [1m[33m1 warning[39m[22m
Compiling...
Compiled with warnings.

[eslint] 
src\views\User\ProfilePage.js
  Line 43:6:  React Hook useEffect has a missing dependency: 'fetchArticleData'. Either include it or remove the dependency array  react-hooks/exhaustive-deps

src\views\home\DetailPage.js
  Line 12:21:  'setAnimating' is assigned a value but never used                                                                no-unused-vars
  Line 27:6:   React Hook useEffect has a missing dependency: 'fetchArticle'. Either include it or remove the dependency array  react-hooks/exhaustive-deps

src\views\home\Places.js
  Line 6:8:  'w1' is defined but never used  no-unused-vars

Search for the keywords to learn more about each warning.
To ignore, add // eslint-disable-next-line to the line before.

[1m[33mWARNING[39m[22m in [1m[eslint] 
src\views\User\ProfilePage.js
  Line 43:6:  React Hook useEffect has a missing dependency: 'fetchArticleData'. Either include it or remove the dependency array  react-hooks/exhaustive-deps

src\views\home\DetailPage.js
  Line 12:21:  'setAnimating' is assigned a value but never used                                                                no-unused-vars
  Line 27:6:   React Hook useEffect has a missing dependency: 'fetchArticle'. Either include it or remove the dependency array  react-hooks/exhaustive-deps

src\views\home\Places.js
  Line 6:8:  'w1' is defined but never used  no-unused-vars

[39m[22m

webpack compiled with [1m[33m1 warning[39m[22m
Compiling...
Failed to compile.

[eslint] 
src\views\home\DetailPage.js
  Line 29:9:  'animating' is not defined  no-undef
  Line 35:9:  'animating' is not defined  no-undef
  Line 41:9:  'animating' is not defined  no-undef

Search for the keywords to learn more about each error.
[1m[33mWARNING[39m[22m in [1m[eslint] 
src\views\User\ProfilePage.js
  Line 43:6:  React Hook useEffect has a missing dependency: 'fetchArticleData'. Either include it or remove the dependency array  react-hooks/exhaustive-deps

src\views\home\DetailPage.js
  Line 26:6:  React Hook useEffect has a missing dependency: 'fetchArticle'. Either include it or remove the dependency array  react-hooks/exhaustive-deps

src\views\home\Places.js
  Line 6:8:  'w1' is defined but never used  no-unused-vars

[39m[22m

[1m[31mERROR[39m[22m in [1m[eslint] 
src\views\home\DetailPage.js
  Line 29:9:  'animating' is not defined  no-undef
  Line 35:9:  'animating' is not defined  no-undef
  Line 41:9:  'animating' is not defined  no-undef

Search for the keywords to learn more about each [1m[31merror[39m[22m[1m.[39m[22m

webpack compiled with [1m[31m1 error[39m[22m and [1m[33m1 warning[39m[22m
Compiling...
Compiled with warnings.

[eslint] 
src\views\User\ProfilePage.js
  Line 43:6:  React Hook useEffect has a missing dependency: 'fetchArticleData'. Either include it or remove the dependency array  react-hooks/exhaustive-deps

src\views\home\DetailPage.js
  Line 26:6:  React Hook useEffect has a missing dependency: 'fetchArticle'. Either include it or remove the dependency array  react-hooks/exhaustive-deps

src\views\home\Places.js
  Line 6:8:  'w1' is defined but never used  no-unused-vars

Search for the keywords to learn more about each warning.
To ignore, add // eslint-disable-next-line to the line before.

[1m[33mWARNING[39m[22m in [1m[eslint] 
src\views\User\ProfilePage.js
  Line 43:6:  React Hook useEffect has a missing dependency: 'fetchArticleData'. Either include it or remove the dependency array  react-hooks/exhaustive-deps

src\views\home\DetailPage.js
  Line 26:6:  React Hook useEffect has a missing dependency: 'fetchArticle'. Either include it or remove the dependency array  react-hooks/exhaustive-deps

src\views\home\Places.js
  Line 6:8:  'w1' is defined but never used  no-unused-vars

[39m[22m

webpack compiled with [1m[33m1 warning[39m[22m
Compiling...
Compiled with warnings.

[eslint] 
src\views\User\ProfilePage.js
  Line 43:6:  React Hook useEffect has a missing dependency: 'fetchArticleData'. Either include it or remove the dependency array  react-hooks/exhaustive-deps

src\views\home\Places.js
  Line 6:8:  'w1' is defined but never used  no-unused-vars

Search for the keywords to learn more about each warning.
To ignore, add // eslint-disable-next-line to the line before.

[1m[33mWARNING[39m[22m in [1m[eslint] 
src\views\User\ProfilePage.js
  Line 43:6:  React Hook useEffect has a missing dependency: 'fetchArticleData'. Either include it or remove the dependency array  react-hooks/exhaustive-deps

src\views\home\Places.js
  Line 6:8:  'w1' is defined but never used  no-unused-vars

[39m[22m

webpack compiled with [1m[33m1 warning[39m[22m
Compiling...
Compiled with warnings.

[eslint] 
src\views\home\Places.js
  Line 6:8:  'w1' is defined but never used  no-unused-vars

Search for the keywords to learn more about each warning.
To ignore, add // eslint-disable-next-line to the line before.

[1m[33mWARNING[39m[22m in [1m[eslint] 
src\views\home\Places.js
  Line 6:8:  'w1' is defined but never used  no-unused-vars

[39m[22m

webpack compiled with [1m[33m1 warning[39m[22m
Compiling...
Compiled successfully!
webpack compiled [1m[32msuccessfully[39m[22m
Compiling...
Compiled successfully!
webpack compiled [1m[32msuccessfully[39m[22m
Compiling...
Compiled successfully!
webpack compiled [1m[32msuccessfully[39m[22m
Compiling...
Compiled successfully!
webpack compiled [1m[32msuccessfully[39m[22m
Compiling...
Compiled successfully!
webpack compiled [1m[32msuccessfully[39m[22m
Compiling...
Compiled successfully!
webpack compiled [1m[32msuccessfully[39m[22m
Compiling...
Compiled successfully!
webpack compiled [1m[32msuccessfully[39m[22m
Compiling...
Compiled with warnings.

[eslint] 
src\views\home\Contact.js
  Line 200:17:  The href attribute requires a valid value to be accessible. Provide a valid, navigable address as the href value. If you cannot provide a valid href, but still need the element to resemble a link, use a button and change it with appropriate styles. Learn more: https://github.com/jsx-eslint/eslint-plugin-jsx-a11y/blob/HEAD/docs/rules/anchor-is-valid.md  jsx-a11y/anchor-is-valid
  Line 205:17:  The href attribute requires a valid value to be accessible. Provide a valid, navigable address as the href value. If you cannot provide a valid href, but still need the element to resemble a link, use a button and change it with appropriate styles. Learn more: https://github.com/jsx-eslint/eslint-plugin-jsx-a11y/blob/HEAD/docs/rules/anchor-is-valid.md  jsx-a11y/anchor-is-valid
  Line 210:17:  The href attribute requires a valid value to be accessible. Provide a valid, navigable address as the href value. If you cannot provide a valid href, but still need the element to resemble a link, use a button and change it with appropriate styles. Learn more: https://github.com/jsx-eslint/eslint-plugin-jsx-a11y/blob/HEAD/docs/rules/anchor-is-valid.md  jsx-a11y/anchor-is-valid

Search for the keywords to learn more about each warning.
To ignore, add // eslint-disable-next-line to the line before.

[1m[33mWARNING[39m[22m in [1m[eslint] 
src\views\home\Contact.js
  Line 200:17:  The href attribute requires a valid value to be accessible. Provide a valid, navigable address as the href value. If you cannot provide a valid href, but still need the element to resemble a link, use a button and change it with appropriate styles. Learn more: https://github.com/jsx-eslint/eslint-plugin-jsx-a11y/blob/HEAD/docs/rules/anchor-is-valid.md  jsx-a11y/anchor-is-valid
  Line 205:17:  The href attribute requires a valid value to be accessible. Provide a valid, navigable address as the href value. If you cannot provide a valid href, but still need the element to resemble a link, use a button and change it with appropriate styles. Learn more: https://github.com/jsx-eslint/eslint-plugin-jsx-a11y/blob/HEAD/docs/rules/anchor-is-valid.md  jsx-a11y/anchor-is-valid
  Line 210:17:  The href attribute requires a valid value to be accessible. Provide a valid, navigable address as the href value. If you cannot provide a valid href, but still need the element to resemble a link, use a button and change it with appropriate styles. Learn more: https://github.com/jsx-eslint/eslint-plugin-jsx-a11y/blob/HEAD/docs/rules/anchor-is-valid.md  jsx-a11y/anchor-is-valid

[39m[22m

webpack compiled with [1m[33m1 warning[39m[22m
